// Jest Snapshot v1, https://goo.gl/fbAQLP

exports[`HomeComponent renders correctly 1`] = `
<div
  id="home-component"
>
  <div
    className="row"
    id="home-name"
  >
    <h1>
       Breed Obsession 
    </h1>
  </div>
  <div
    className="row"
    id="home"
  >
    <div
      className="row"
    >
      <div
        className="col-sm-4 col-md-4 col-lg-4"
      >
        <label>
          Animal
        </label>
      </div>
      <div
        className="col-sm-8 col-md-8 col-lg-8"
      >
        <select
          onChange={[MockFunction]}
        >
          <option
            value="barnyard"
          >
             
            barnyard
             
          </option>
          <option
            value="bird"
          >
             
            bird
             
          </option>
          <option
            value="cat"
          >
             
            cat
             
          </option>
          <option
            value="dog"
          >
             
            dog
             
          </option>
          <option
            value="horse"
          >
             
            horse
             
          </option>
          <option
            value="reptile"
          >
             
            reptile
             
          </option>
          <option
            value="smallfurry"
          >
             
            smallfurry
             
          </option>
        </select>
      </div>
    </div>
    <div
      className="row"
    >
      <div
        className="col-sm-4 col-md-4 col-lg-4"
      >
        <label>
          Breed
        </label>
      </div>
      <div
        className="col-sm-8 col-md-8 col-lg-8"
      >
        <select
          onChange={[MockFunction]}
        />
      </div>
    </div>
    <div
      className="row"
    >
      <div
        className="col-sm-4 col-md-4 col-lg-4"
      >
        <label>
          State
        </label>
      </div>
      <div
        className="col-sm-8 col-md-8 col-lg-8"
      >
        <select
          onChange={[MockFunction]}
        >
          <option
            value="Alabama"
          >
             
            Alabama
             
          </option>
          <option
            value="Alaska"
          >
             
            Alaska
             
          </option>
          <option
            value="American Samoa"
          >
             
            American Samoa
             
          </option>
          <option
            value="Arizona"
          >
             
            Arizona
             
          </option>
          <option
            value="Arkansas"
          >
             
            Arkansas
             
          </option>
          <option
            value="California"
          >
             
            California
             
          </option>
          <option
            value="Colorado"
          >
             
            Colorado
             
          </option>
          <option
            value="Connecticut"
          >
             
            Connecticut
             
          </option>
          <option
            value="Delaware"
          >
             
            Delaware
             
          </option>
          <option
            value="District of Columbia"
          >
             
            District of Columbia
             
          </option>
          <option
            value="Federated States of Micronesia"
          >
             
            Federated States of Micronesia
             
          </option>
          <option
            value="Florida"
          >
             
            Florida
             
          </option>
          <option
            value="Georgia"
          >
             
            Georgia
             
          </option>
          <option
            value="Guam"
          >
             
            Guam
             
          </option>
          <option
            value="Hawaii"
          >
             
            Hawaii
             
          </option>
          <option
            value="Idaho"
          >
             
            Idaho
             
          </option>
          <option
            value="Illinois"
          >
             
            Illinois
             
          </option>
          <option
            value="Indiana"
          >
             
            Indiana
             
          </option>
          <option
            value="Iowa"
          >
             
            Iowa
             
          </option>
          <option
            value="Kansas"
          >
             
            Kansas
             
          </option>
          <option
            value="Kentucky"
          >
             
            Kentucky
             
          </option>
          <option
            value="Louisiana"
          >
             
            Louisiana
             
          </option>
          <option
            value="Maine"
          >
             
            Maine
             
          </option>
          <option
            value="Marshall Islands"
          >
             
            Marshall Islands
             
          </option>
          <option
            value="Maryland"
          >
             
            Maryland
             
          </option>
          <option
            value="Massachusetts"
          >
             
            Massachusetts
             
          </option>
          <option
            value="Michigan"
          >
             
            Michigan
             
          </option>
          <option
            value="Minnesota"
          >
             
            Minnesota
             
          </option>
          <option
            value="Mississippi"
          >
             
            Mississippi
             
          </option>
          <option
            value="Missouri"
          >
             
            Missouri
             
          </option>
          <option
            value="Montana"
          >
             
            Montana
             
          </option>
          <option
            value="Nebraska"
          >
             
            Nebraska
             
          </option>
          <option
            value="Nevada"
          >
             
            Nevada
             
          </option>
          <option
            value="New Hampshire"
          >
             
            New Hampshire
             
          </option>
          <option
            value="New Jersey"
          >
             
            New Jersey
             
          </option>
          <option
            value="New Mexico"
          >
             
            New Mexico
             
          </option>
          <option
            value="New York"
          >
             
            New York
             
          </option>
          <option
            value="North Carolina"
          >
             
            North Carolina
             
          </option>
          <option
            value="North Dakota"
          >
             
            North Dakota
             
          </option>
          <option
            value="Northern Mariana Islands"
          >
             
            Northern Mariana Islands
             
          </option>
          <option
            value="Ohio"
          >
             
            Ohio
             
          </option>
          <option
            value="Oklahoma"
          >
             
            Oklahoma
             
          </option>
          <option
            value="Oregon"
          >
             
            Oregon
             
          </option>
          <option
            value="Palau"
          >
             
            Palau
             
          </option>
          <option
            value="Pennsylvania"
          >
             
            Pennsylvania
             
          </option>
          <option
            value="Puerto Rico"
          >
             
            Puerto Rico
             
          </option>
          <option
            value="Rhode Island"
          >
             
            Rhode Island
             
          </option>
          <option
            value="South Carolina"
          >
             
            South Carolina
             
          </option>
          <option
            value="South Dakota"
          >
             
            South Dakota
             
          </option>
          <option
            value="Tennessee"
          >
             
            Tennessee
             
          </option>
          <option
            value="Texas"
          >
             
            Texas
             
          </option>
          <option
            value="Utah"
          >
             
            Utah
             
          </option>
          <option
            value="Vermont"
          >
             
            Vermont
             
          </option>
          <option
            value="Virgin Island"
          >
             
            Virgin Island
             
          </option>
          <option
            value="Virginia"
          >
             
            Virginia
             
          </option>
          <option
            value="Washington"
          >
             
            Washington
             
          </option>
          <option
            value="West Virginia"
          >
             
            West Virginia
             
          </option>
          <option
            value="Wisconsin"
          >
             
            Wisconsin
             
          </option>
          <option
            value="Wyoming"
          >
             
            Wyoming
             
          </option>
        </select>
      </div>
    </div>
    <div
      className="row"
    >
      <div
        className="col-sm-4 col-md-4 col-lg-4"
      >
        <label>
          City
        </label>
      </div>
      <div
        className="col-sm-8 col-md-8 col-lg-8"
      >
        <select
          onChange={[MockFunction]}
        />
      </div>
    </div>
    <div
      className="row"
    >
      <div
        className="col-sm-4 col-md-4 col-lg-4"
      >
        <label>
          Sex
        </label>
      </div>
      <div
        className="col-sm-8 col-md-8 col-lg-8"
      >
        <select
          onChange={[MockFunction]}
        >
          <option
            value="M"
          >
             
            M
             
          </option>
          <option
            value="F"
          >
             
            F
             
          </option>
        </select>
      </div>
    </div>
    <div
      className="row"
    >
      <div
        className="col-sm-4 col-md-4 col-lg-4"
      >
        <label>
          Age
        </label>
      </div>
      <div
        className="col-sm-8 col-md-8 col-lg-8"
      >
        <select
          onChange={[MockFunction]}
        >
          <option
            value="Baby"
          >
             
            Baby
             
          </option>
          <option
            value="Young Adult"
          >
             
            Young Adult
             
          </option>
          <option
            value="Senior"
          >
             
            Senior
             
          </option>
        </select>
      </div>
    </div>
    <div
      className="row"
    >
      <div
        className="col-sm-4 col-md-4 col-lg-4"
      >
        <label>
          Size
        </label>
      </div>
      <div
        className="col-sm-8 col-md-8 col-lg-8"
      >
        <select
          onChange={[MockFunction]}
        >
          <option
            value="S"
          >
             
            S
             
          </option>
          <option
            value="M"
          >
             
            M
             
          </option>
          <option
            value="L"
          >
             
            L
             
          </option>
          <option
            value="XL"
          >
             
            XL
             
          </option>
        </select>
      </div>
    </div>
  </div>
  <div
    className="row"
    id="search"
  >
    <a
      href="/postings"
      onClick={[Function]}
    >
      <button
        className="btn btn-primary"
      >
         Go 
      </button>
    </a>
  </div>
  <footer>
    <div
      className="container"
    >
      <p>
        Powered by Petfinder 
        <a
          href="https:www.petfinder.com"
        >
          www.petfinder.com
        </a>
      </p>
    </div>
  </footer>
</div>
`;
