// Jest Snapshot v1, https://goo.gl/fbAQLP

exports[`SelectComponent renders correctly 1`] = `
<select
  onChange={[MockFunction]}
/>
`;
